// Jest Snapshot v1, https://goo.gl/fbAQLP

exports[`Postbox Component should render correctly 1`] = `
<form
  className="sticky top-16 z-50 rounded-md border border-gray-300 bg-white p-2"
  onSubmit={[Function]}
>
  <div
    className="flex items-center space-x-3"
  >
    <div
      className="relative h-10 w-10 overflow-hidden rounded-full border-gray-300 bg-white undefined"
    >
      <img
        alt="Buck"
        data-nimg="fill"
        decoding="async"
        loading="lazy"
        onError={[Function]}
        onLoad={[Function]}
        src="https://avatars.dicebear.com/api/open-peeps/Buck.svg"
        style={
          {
            "bottom": 0,
            "color": "transparent",
            "height": "100%",
            "left": 0,
            "objectFit": undefined,
            "objectPosition": undefined,
            "position": "absolute",
            "right": 0,
            "top": 0,
            "width": "100%",
          }
        }
      />
    </div>
    <input
      className="w-full flex-1 rounded-md bg-gray-50 p-2 pl-5 outline-none"
      disabled={false}
      name="postTitle"
      onBlur={[Function]}
      onChange={[Function]}
      placeholder="Create a post in r/testsubreddit"
      type="text"
    />
    <svg
      aria-hidden="true"
      className="h-6 cursor-pointer text-gray-300 false"
      fill="none"
      onClick={[Function]}
      stroke="currentColor"
      strokeWidth={1.5}
      viewBox="0 0 24 24"
      xmlns="http://www.w3.org/2000/svg"
    >
      <title>
        Add an image
      </title>
      <path
        d="M2.25 15.75l5.159-5.159a2.25 2.25 0 013.182 0l5.159 5.159m-1.5-1.5l1.409-1.409a2.25 2.25 0 013.182 0l2.909 2.909m-18 3.75h16.5a1.5 1.5 0 001.5-1.5V6a1.5 1.5 0 00-1.5-1.5H3.75A1.5 1.5 0 002.25 6v12a1.5 1.5 0 001.5 1.5zm10.5-11.25h.008v.008h-.008V8.25zm.375 0a.375.375 0 11-.75 0 .375.375 0 01.75 0z"
        strokeLinecap="round"
        strokeLinejoin="round"
      />
    </svg>
    <svg
      aria-hidden="true"
      className="h-6 text-gray-300"
      fill="none"
      stroke="currentColor"
      strokeWidth={1.5}
      viewBox="0 0 24 24"
      xmlns="http://www.w3.org/2000/svg"
    >
      <path
        d="M13.19 8.688a4.5 4.5 0 011.242 7.244l-4.5 4.5a4.5 4.5 0 01-6.364-6.364l1.757-1.757m13.35-.622l1.757-1.757a4.5 4.5 0 00-6.364-6.364l-4.5 4.5a4.5 4.5 0 001.242 7.244"
        strokeLinecap="round"
        strokeLinejoin="round"
      />
    </svg>
  </div>
</form>
`;
